[archi009@empress HW2P1_search]$ ./hw2binarysearchDemo.out 
BinSearch Written by Rika Yoshii
1 3 5 7 9 11 13 15 17 19
What do you want to look for? 1
comparing against an element in slot 4
comparing against an element in slot 1
comparing against an element in slot 0
Found it in position 1
[archi009@empress HW2P1_search]$ ./hw2binarysearchDemo.out 
BinSearch Written by Rika Yoshii
1 3 5 7 9 11 13 15 17 19
What do you want to look for? 19
comparing against an element in slot 4
comparing against an element in slot 7
comparing against an element in slot 8
comparing against an element in slot 9
Found it in position 10
[archi009@empress HW2P1_search]$ ./hw2binarysearchDemo.out 
BinSearch Written by Rika Yoshii
1 3 5 7 9 11 13 15 17 19
What do you want to look for? 5
comparing against an element in slot 4
comparing against an element in slot 1
comparing against an element in slot 2
Found it in position 3
[archi009@empress HW2P1_search]$ ./hw2binarysearchDemo.out 
BinSearch Written by Rika Yoshii
1 3 5 7 9 11 13 15 17 19
What do you want to look for? 17
comparing against an element in slot 4
comparing against an element in slot 7
comparing against an element in slot 8
Found it in position 9
[archi009@empress HW2P1_search]$ ./hw2binarysearchDemo.out 
BinSearch Written by Rika Yoshii
1 3 5 7 9 11 13 15 17 19
What do you want to look for? 0
comparing against an element in slot 4
comparing against an element in slot 1
comparing against an element in slot 0
Element not found
[archi009@empress HW2P1_search]$ ./hw2binarysearchDemo.out 
BinSearch Written by Rika Yoshii
1 3 5 7 9 11 13 15 17 19
What do you want to look for? 7
comparing against an element in slot 4
comparing against an element in slot 1
comparing against an element in slot 2
comparing against an element in slot 3
Found it in position 4
[archi009@empress HW2P1_search]$ 

